// Vitest Snapshot v1, https://vitest.dev/guide/snapshot.html

exports[`CommentList > snapshot — 댓글 2건 1`] = `
<DocumentFragment>
  <section
    aria-label="댓글"
    class="mt-8"
  >
    <h2
      class="text-xl font-semibold text-neutral-900 mb-4"
    >
      댓글 (2)
    </h2>
    <ul
      class="flex flex-col gap-3"
    >
      <li
        class="border border-neutral-300 rounded p-3 text-sm text-neutral-700"
      >
        <p
          class="whitespace-pre-wrap mb-2"
        >
          재미있는 글입니다
        </p>
        <div
          class="flex items-center justify-between text-xs"
        >
          <span
            class="font-semibold"
          >
            min
          </span>
          <span
            class="flex items-center gap-2"
          >
            <time
              class="text-neutral-700/70"
              datetime="2026-01-15T10:30:00.000Z"
            >
              2026-01-15
            </time>
          </span>
        </div>
      </li>
      <li
        class="border border-neutral-300 rounded p-3 text-sm text-neutral-700"
      >
        <p
          class="whitespace-pre-wrap mb-2"
        >
          두 번째 댓글
여러 줄도
잘 보여요
        </p>
        <div
          class="flex items-center justify-between text-xs"
        >
          <span
            class="font-semibold"
          >
            hana
          </span>
          <span
            class="flex items-center gap-2"
          >
            <time
              class="text-neutral-700/70"
              datetime="2026-01-16T11:00:00.000Z"
            >
              2026-01-16
            </time>
          </span>
        </div>
      </li>
    </ul>
  </section>
</DocumentFragment>
`;
